2026-07-15 12:05:31 +01:00: ◇ injected env (43) from .env // tip: ⌘ custom filepath { path: '/custom/path/.env' }
2026-07-15 12:05:31 +01:00: ◇ injected env (43) from .env // tip: ⌘ multiple files { path: ['.env.local', '.env'] }
2026-07-15 12:05:38 +01:00: [2026-07-15 12:05:38] INFO: BullMQ queues initialized: wallet, sms, refund, notification, webhook, reconciliation, catalog-sync
2026-07-15 12:05:41 +01:00: [2026-07-15 12:05:41] INFO: Redis connected
2026-07-15 12:05:41 +01:00: [2026-07-15 12:05:41] INFO: BullMQ Redis connection established
2026-07-15 12:05:38 +01:00: [2026-07-15 12:05:38] INFO: BullMQ queues initialized: wallet, sms, refund, notification, webhook, reconciliation, catalog-sync
2026-07-15 12:05:41 +01:00: [2026-07-15 12:05:41] INFO: Elite Hub API listening on port 5000 [production]
2026-07-15 12:05:41 +01:00: [2026-07-15 12:05:41] INFO: Elite Hub API listening on port 5000 [production]
2026-07-15 12:05:41 +01:00: [2026-07-15 12:05:41] INFO: Redis connected
2026-07-15 12:05:41 +01:00: [2026-07-15 12:05:41] INFO: BullMQ Redis connection established
2026-07-18 11:04:14 +01:00: ◇ injected env (29) from .env // tip: ⌁ auth for agents [www.vestauth.com]
2026-07-18 11:04:14 +01:00: ◇ injected env (29) from .env // tip: ⌘ suppress logs { quiet: true }
2026-07-18 11:04:18 +01:00: ◇ injected env (29) from .env // tip: ⌁ auth for agents [www.vestauth.com]
2026-07-18 11:04:18 +01:00: ◇ injected env (29) from .env // tip: ◈ secrets for agents [www.dotenvx.com]
2026-07-18 11:04:23 +01:00: ◇ injected env (29) from .env // tip: ◈ encrypted .env [www.dotenvx.com]
2026-07-18 11:04:23 +01:00: ◇ injected env (29) from .env // tip: ⌘ multiple files { path: ['.env.local', '.env'] }
2026-07-18 11:04:27 +01:00: ◇ injected env (29) from .env // tip: ⌘ enable debugging { debug: true }
2026-07-18 11:04:28 +01:00: ◇ injected env (29) from .env // tip: ◈ encrypted .env [www.dotenvx.com]
2026-07-18 11:04:32 +01:00: ◇ injected env (29) from .env // tip: ⌘ multiple files { path: ['.env.local', '.env'] }
2026-07-18 11:04:32 +01:00: ◇ injected env (29) from .env // tip: ⌘ suppress logs { quiet: true }
2026-07-18 11:04:36 +01:00: ◇ injected env (29) from .env // tip: ⌘ custom filepath { path: '/custom/path/.env' }
2026-07-18 11:04:37 +01:00: ◇ injected env (29) from .env // tip: ⌘ custom filepath { path: '/custom/path/.env' }
2026-07-18 11:04:41 +01:00: ◇ injected env (29) from .env // tip: ◈ secrets for agents [www.dotenvx.com]
2026-07-18 11:04:41 +01:00: ◇ injected env (29) from .env // tip: ⌘ override existing { override: true }
2026-07-18 11:04:45 +01:00: ◇ injected env (29) from .env // tip: ⌘ enable debugging { debug: true }
2026-07-18 11:04:46 +01:00: ◇ injected env (29) from .env // tip: ⌁ auth for agents [www.vestauth.com]
2026-07-18 11:04:49 +01:00: ◇ injected env (29) from .env // tip: ◈ encrypted .env [www.dotenvx.com]
2026-07-18 11:04:50 +01:00: ◇ injected env (29) from .env // tip: ⌘ suppress logs { quiet: true }
2026-07-18 11:04:54 +01:00: ◇ injected env (29) from .env // tip: ◈ encrypted .env [www.dotenvx.com]
2026-07-18 11:04:54 +01:00: ◇ injected env (29) from .env // tip: ◈ secrets for agents [www.dotenvx.com]
2026-07-18 11:20:48 +01:00: ◇ injected env (29) from .env // tip: ⌘ multiple files { path: ['.env.local', '.env'] }
2026-07-18 11:20:48 +01:00: ◇ injected env (29) from .env // tip: ⌁ auth for agents [www.vestauth.com]
2026-07-18 11:20:52 +01:00: ◇ injected env (29) from .env // tip: ⌁ auth for agents [www.vestauth.com]
2026-07-18 11:20:52 +01:00: ◇ injected env (29) from .env // tip: ⌘ multiple files { path: ['.env.local', '.env'] }
2026-07-18 11:20:56 +01:00: ◇ injected env (29) from .env // tip: ⌁ auth for agents [www.vestauth.com]
2026-07-18 11:20:56 +01:00: ◇ injected env (29) from .env // tip: ◈ secrets for agents [www.dotenvx.com]
2026-07-18 11:21:00 +01:00: ◇ injected env (29) from .env // tip: ⌘ enable debugging { debug: true }
2026-07-18 11:21:00 +01:00: ◇ injected env (29) from .env // tip: ⌘ enable debugging { debug: true }
2026-07-18 11:21:05 +01:00: ◇ injected env (29) from .env // tip: ◈ encrypted .env [www.dotenvx.com]
2026-07-18 11:21:05 +01:00: ◇ injected env (29) from .env // tip: ⌁ auth for agents [www.vestauth.com]
2026-07-18 11:21:09 +01:00: ◇ injected env (29) from .env // tip: ⌘ enable debugging { debug: true }
2026-07-18 11:21:09 +01:00: ◇ injected env (29) from .env // tip: ◈ secrets for agents [www.dotenvx.com]
2026-07-18 11:21:13 +01:00: ◇ injected env (29) from .env // tip: ◈ encrypted .env [www.dotenvx.com]
2026-07-18 11:21:13 +01:00: ◇ injected env (29) from .env // tip: ◈ encrypted .env [www.dotenvx.com]
2026-07-18 11:21:17 +01:00: ◇ injected env (29) from .env // tip: ⌘ suppress logs { quiet: true }
2026-07-18 11:21:17 +01:00: ◇ injected env (29) from .env // tip: ⌘ custom filepath { path: '/custom/path/.env' }
2026-07-18 11:21:21 +01:00: ◇ injected env (29) from .env // tip: ⌘ enable debugging { debug: true }
2026-07-18 11:21:21 +01:00: ◇ injected env (29) from .env // tip: ◈ secrets for agents [www.dotenvx.com]
2026-07-18 11:21:26 +01:00: ◇ injected env (29) from .env // tip: ⌘ custom filepath { path: '/custom/path/.env' }
2026-07-18 11:21:26 +01:00: ◇ injected env (29) from .env // tip: ⌘ custom filepath { path: '/custom/path/.env' }
2026-07-18 11:40:29 +01:00: ◇ injected env (29) from .env // tip: ⌘ multiple files { path: ['.env.local', '.env'] }
2026-07-18 11:40:29 +01:00: ◇ injected env (29) from .env // tip: ⌘ override existing { override: true }
2026-07-18 11:40:34 +01:00: ◇ injected env (29) from .env // tip: ⌘ override existing { override: true }
2026-07-18 11:40:34 +01:00: ◇ injected env (29) from .env // tip: ◈ secrets for agents [www.dotenvx.com]
2026-07-18 11:40:38 +01:00: ◇ injected env (29) from .env // tip: ⌘ multiple files { path: ['.env.local', '.env'] }
2026-07-18 11:40:38 +01:00: ◇ injected env (29) from .env // tip: ⌁ auth for agents [www.vestauth.com]
2026-07-18 11:40:42 +01:00: ◇ injected env (29) from .env // tip: ⌘ multiple files { path: ['.env.local', '.env'] }
2026-07-18 11:40:42 +01:00: ◇ injected env (29) from .env // tip: ⌘ multiple files { path: ['.env.local', '.env'] }
2026-07-18 11:40:46 +01:00: ◇ injected env (29) from .env // tip: ⌘ suppress logs { quiet: true }
2026-07-18 11:40:46 +01:00: ◇ injected env (29) from .env // tip: ◈ secrets for agents [www.dotenvx.com]
2026-07-18 11:40:50 +01:00: ◇ injected env (29) from .env // tip: ⌘ multiple files { path: ['.env.local', '.env'] }
2026-07-18 11:40:51 +01:00: ◇ injected env (29) from .env // tip: ⌘ enable debugging { debug: true }
2026-07-18 11:40:55 +01:00: ◇ injected env (29) from .env // tip: ⌘ multiple files { path: ['.env.local', '.env'] }
2026-07-18 11:40:55 +01:00: ◇ injected env (29) from .env // tip: ⌘ suppress logs { quiet: true }
2026-07-18 11:40:59 +01:00: ◇ injected env (29) from .env // tip: ⌘ suppress logs { quiet: true }
2026-07-18 11:40:59 +01:00: ◇ injected env (29) from .env // tip: ◈ encrypted .env [www.dotenvx.com]
2026-07-18 11:41:03 +01:00: ◇ injected env (29) from .env // tip: ⌁ auth for agents [www.vestauth.com]
2026-07-18 11:41:03 +01:00: ◇ injected env (29) from .env // tip: ⌁ auth for agents [www.vestauth.com]
2026-07-18 11:41:07 +01:00: ◇ injected env (29) from .env // tip: ⌘ custom filepath { path: '/custom/path/.env' }
2026-07-18 11:41:07 +01:00: ◇ injected env (29) from .env // tip: ⌘ enable debugging { debug: true }
2026-07-18 15:02:08 +01:00: ◇ injected env (29) from .env // tip: ⌘ override existing { override: true }
2026-07-18 15:02:08 +01:00: ◇ injected env (29) from .env // tip: ⌘ suppress logs { quiet: true }
2026-07-18 15:02:12 +01:00: ◇ injected env (29) from .env // tip: ⌁ auth for agents [www.vestauth.com]
2026-07-18 15:02:12 +01:00: ◇ injected env (29) from .env // tip: ⌘ custom filepath { path: '/custom/path/.env' }
2026-07-18 15:02:16 +01:00: ◇ injected env (29) from .env // tip: ⌁ auth for agents [www.vestauth.com]
2026-07-18 15:02:16 +01:00: ◇ injected env (29) from .env // tip: ⌘ enable debugging { debug: true }
2026-07-18 15:02:20 +01:00: ◇ injected env (29) from .env // tip: ⌘ override existing { override: true }
2026-07-18 15:02:20 +01:00: ◇ injected env (29) from .env // tip: ⌁ auth for agents [www.vestauth.com]
2026-07-18 15:02:24 +01:00: ◇ injected env (29) from .env // tip: ◈ secrets for agents [www.dotenvx.com]
2026-07-18 15:02:24 +01:00: ◇ injected env (29) from .env // tip: ⌘ override existing { override: true }
2026-07-18 15:02:29 +01:00: ◇ injected env (29) from .env // tip: ⌘ multiple files { path: ['.env.local', '.env'] }
2026-07-18 15:02:29 +01:00: ◇ injected env (29) from .env // tip: ◈ encrypted .env [www.dotenvx.com]
2026-07-18 15:02:33 +01:00: ◇ injected env (29) from .env // tip: ◈ encrypted .env [www.dotenvx.com]
2026-07-18 15:02:33 +01:00: ◇ injected env (29) from .env // tip: ⌘ multiple files { path: ['.env.local', '.env'] }
2026-07-18 15:02:37 +01:00: ◇ injected env (29) from .env // tip: ⌁ auth for agents [www.vestauth.com]
2026-07-18 15:02:37 +01:00: ◇ injected env (29) from .env // tip: ⌘ enable debugging { debug: true }
2026-07-18 15:02:41 +01:00: ◇ injected env (29) from .env // tip: ⌁ auth for agents [www.vestauth.com]
2026-07-18 15:02:41 +01:00: ◇ injected env (29) from .env // tip: ⌘ override existing { override: true }
2026-07-18 15:02:45 +01:00: ◇ injected env (29) from .env // tip: ⌘ multiple files { path: ['.env.local', '.env'] }
2026-07-18 15:02:45 +01:00: ◇ injected env (29) from .env // tip: ⌘ multiple files { path: ['.env.local', '.env'] }
2026-07-18 15:08:47 +01:00: ◇ injected env (29) from .env // tip: ◈ encrypted .env [www.dotenvx.com]
2026-07-18 15:08:51 +01:00: ◇ injected env (29) from .env // tip: ⌘ multiple files { path: ['.env.local', '.env'] }
2026-07-18 15:08:55 +01:00: ◇ injected env (29) from .env // tip: ⌘ multiple files { path: ['.env.local', '.env'] }
2026-07-18 15:08:59 +01:00: ◇ injected env (29) from .env // tip: ◈ secrets for agents [www.dotenvx.com]
2026-07-18 15:09:04 +01:00: ◇ injected env (29) from .env // tip: ⌁ auth for agents [www.vestauth.com]
2026-07-18 15:09:08 +01:00: ◇ injected env (29) from .env // tip: ⌘ override existing { override: true }
2026-07-18 15:09:12 +01:00: ◇ injected env (29) from .env // tip: ⌘ suppress logs { quiet: true }
2026-07-18 15:09:16 +01:00: ◇ injected env (29) from .env // tip: ◈ encrypted .env [www.dotenvx.com]
2026-07-18 15:09:20 +01:00: ◇ injected env (29) from .env // tip: ⌁ auth for agents [www.vestauth.com]
2026-07-18 15:09:24 +01:00: ◇ injected env (29) from .env // tip: ◈ encrypted .env [www.dotenvx.com]
2026-07-18 15:21:41 +01:00: ◇ injected env (43) from .env // tip: ⌘ suppress logs { quiet: true }
2026-07-18 15:21:43 +01:00: [2026-07-18 15:21:43] INFO: BullMQ queues initialized: wallet, sms, refund, notification, webhook, reconciliation, catalog-sync
2026-07-18 15:21:44 +01:00: [2026-07-18 15:21:44] INFO: Elite Hub API listening on port 5000 [production]
2026-07-18 15:21:44 +01:00: [2026-07-18 15:21:44] INFO: Redis connected
2026-07-18 15:21:44 +01:00: [2026-07-18 15:21:44] INFO: BullMQ Redis connection established
2026-07-18 15:47:41 +01:00: [2026-07-18 15:47:41] INFO: SIGINT received. Shutting down gracefully...
2026-07-18 15:47:41 +01:00: ◇ injected env (43) from .env // tip: ⌘ multiple files { path: ['.env.local', '.env'] }
2026-07-18 15:47:41 +01:00: ◇ injected env (43) from .env // tip: ⌘ enable debugging { debug: true }
2026-07-18 15:47:43 +01:00: [2026-07-18 15:47:43] INFO: BullMQ queues initialized: wallet, sms, refund, notification, webhook, reconciliation, catalog-sync
2026-07-18 15:47:43 +01:00: [2026-07-18 15:47:43] INFO: BullMQ queues initialized: wallet, sms, refund, notification, webhook, reconciliation, catalog-sync
2026-07-18 15:47:44 +01:00: [2026-07-18 15:47:44] INFO: Elite Hub API listening on port 5000 [production]
2026-07-18 15:47:44 +01:00: [2026-07-18 15:47:44] INFO: Redis connected
2026-07-18 15:47:44 +01:00: [2026-07-18 15:47:44] INFO: BullMQ Redis connection established
2026-07-18 15:47:44 +01:00: [2026-07-18 15:47:44] INFO: Elite Hub API listening on port 5000 [production]
2026-07-18 15:47:44 +01:00: [2026-07-18 15:47:44] INFO: Redis connected
2026-07-18 15:47:44 +01:00: [2026-07-18 15:47:44] INFO: BullMQ Redis connection established
2026-07-18 16:07:32 +01:00: [2026-07-18 16:07:32] INFO: SIGINT received. Shutting down gracefully...
2026-07-18 16:07:32 +01:00: [2026-07-18 16:07:32] INFO: SIGINT received. Shutting down gracefully...
