2026-07-18 11:04:15 +01:00: Error: Missing required environment variable: MULTITEXTER_API_KEY
2026-07-18 11:04:15 +01:00:     at Object.<anonymous> (/home/gospel/gospel/elite-hub/backend/src/common/config/env.js:29:11)
2026-07-18 11:04:15 +01:00:     at Module._compile (node:internal/modules/cjs/loader:1854:14)
2026-07-18 11:04:15 +01:00:     at Object..js (node:internal/modules/cjs/loader:1985:10)
2026-07-18 11:04:15 +01:00:     at Module.load (node:internal/modules/cjs/loader:1577:32)
2026-07-18 11:04:15 +01:00:     at Module._load (node:internal/modules/cjs/loader:1379:12)
2026-07-18 11:04:15 +01:00:     at wrapModuleLoad (node:internal/modules/cjs/loader:255:19)
2026-07-18 11:04:15 +01:00:     at Module.require (node:internal/modules/cjs/loader:1600:12)
2026-07-18 11:04:15 +01:00:     at require (node:internal/modules/helpers:153:16)
2026-07-18 11:04:15 +01:00:     at Object.<anonymous> (/home/gospel/gospel/elite-hub/backend/src/queues/connection.js:2:13)
2026-07-18 11:04:15 +01:00:     at Module._compile (node:internal/modules/cjs/loader:1854:14)
2026-07-18 11:04:20 +01:00: Error: Missing required environment variable: MULTITEXTER_API_KEY
2026-07-18 11:04:20 +01:00:     at Object.<anonymous> (/home/gospel/gospel/elite-hub/backend/src/common/config/env.js:29:11)
2026-07-18 11:04:20 +01:00:     at Module._compile (node:internal/modules/cjs/loader:1854:14)
2026-07-18 11:04:20 +01:00:     at Object..js (node:internal/modules/cjs/loader:1985:10)
2026-07-18 11:04:20 +01:00:     at Module.load (node:internal/modules/cjs/loader:1577:32)
2026-07-18 11:04:20 +01:00:     at Module._load (node:internal/modules/cjs/loader:1379:12)
2026-07-18 11:04:20 +01:00:     at wrapModuleLoad (node:internal/modules/cjs/loader:255:19)
2026-07-18 11:04:20 +01:00:     at Module.require (node:internal/modules/cjs/loader:1600:12)
2026-07-18 11:04:20 +01:00:     at require (node:internal/modules/helpers:153:16)
2026-07-18 11:04:20 +01:00:     at Object.<anonymous> (/home/gospel/gospel/elite-hub/backend/src/queues/connection.js:2:13)
2026-07-18 11:04:20 +01:00:     at Module._compile (node:internal/modules/cjs/loader:1854:14)
2026-07-18 11:04:26 +01:00: Error: Missing required environment variable: MULTITEXTER_API_KEY
2026-07-18 11:04:26 +01:00:     at Object.<anonymous> (/home/gospel/gospel/elite-hub/backend/src/common/config/env.js:29:11)
2026-07-18 11:04:26 +01:00:     at Module._compile (node:internal/modules/cjs/loader:1854:14)
2026-07-18 11:04:26 +01:00:     at Object..js (node:internal/modules/cjs/loader:1985:10)
2026-07-18 11:04:26 +01:00:     at Module.load (node:internal/modules/cjs/loader:1577:32)
2026-07-18 11:04:26 +01:00:     at Module._load (node:internal/modules/cjs/loader:1379:12)
2026-07-18 11:04:26 +01:00:     at wrapModuleLoad (node:internal/modules/cjs/loader:255:19)
2026-07-18 11:04:26 +01:00:     at Module.require (node:internal/modules/cjs/loader:1600:12)
2026-07-18 11:04:26 +01:00:     at require (node:internal/modules/helpers:153:16)
2026-07-18 11:04:26 +01:00:     at Object.<anonymous> (/home/gospel/gospel/elite-hub/backend/src/queues/connection.js:2:13)
2026-07-18 11:04:26 +01:00:     at Module._compile (node:internal/modules/cjs/loader:1854:14)
2026-07-18 11:04:31 +01:00: Error: Missing required environment variable: MULTITEXTER_API_KEY
2026-07-18 11:04:31 +01:00:     at Object.<anonymous> (/home/gospel/gospel/elite-hub/backend/src/common/config/env.js:29:11)
2026-07-18 11:04:31 +01:00:     at Module._compile (node:internal/modules/cjs/loader:1854:14)
2026-07-18 11:04:31 +01:00:     at Object..js (node:internal/modules/cjs/loader:1985:10)
2026-07-18 11:04:31 +01:00:     at Module.load (node:internal/modules/cjs/loader:1577:32)
2026-07-18 11:04:31 +01:00:     at Module._load (node:internal/modules/cjs/loader:1379:12)
2026-07-18 11:04:31 +01:00:     at wrapModuleLoad (node:internal/modules/cjs/loader:255:19)
2026-07-18 11:04:31 +01:00:     at Module.require (node:internal/modules/cjs/loader:1600:12)
2026-07-18 11:04:31 +01:00:     at require (node:internal/modules/helpers:153:16)
2026-07-18 11:04:31 +01:00:     at Object.<anonymous> (/home/gospel/gospel/elite-hub/backend/src/queues/connection.js:2:13)
2026-07-18 11:04:31 +01:00:     at Module._compile (node:internal/modules/cjs/loader:1854:14)
2026-07-18 11:04:37 +01:00: Error: Missing required environment variable: MULTITEXTER_API_KEY
2026-07-18 11:04:37 +01:00:     at Object.<anonymous> (/home/gospel/gospel/elite-hub/backend/src/common/config/env.js:29:11)
2026-07-18 11:04:37 +01:00:     at Module._compile (node:internal/modules/cjs/loader:1854:14)
2026-07-18 11:04:37 +01:00:     at Object..js (node:internal/modules/cjs/loader:1985:10)
2026-07-18 11:04:37 +01:00:     at Module.load (node:internal/modules/cjs/loader:1577:32)
2026-07-18 11:04:37 +01:00:     at Module._load (node:internal/modules/cjs/loader:1379:12)
2026-07-18 11:04:37 +01:00:     at wrapModuleLoad (node:internal/modules/cjs/loader:255:19)
2026-07-18 11:04:37 +01:00:     at Module.require (node:internal/modules/cjs/loader:1600:12)
2026-07-18 11:04:37 +01:00:     at require (node:internal/modules/helpers:153:16)
2026-07-18 11:04:37 +01:00:     at Object.<anonymous> (/home/gospel/gospel/elite-hub/backend/src/queues/connection.js:2:13)
2026-07-18 11:04:37 +01:00:     at Module._compile (node:internal/modules/cjs/loader:1854:14)
2026-07-18 11:04:41 +01:00: Error: Missing required environment variable: MULTITEXTER_API_KEY
2026-07-18 11:04:41 +01:00:     at Object.<anonymous> (/home/gospel/gospel/elite-hub/backend/src/common/config/env.js:29:11)
2026-07-18 11:04:41 +01:00:     at Module._compile (node:internal/modules/cjs/loader:1854:14)
2026-07-18 11:04:41 +01:00:     at Object..js (node:internal/modules/cjs/loader:1985:10)
2026-07-18 11:04:41 +01:00:     at Module.load (node:internal/modules/cjs/loader:1577:32)
2026-07-18 11:04:41 +01:00:     at Module._load (node:internal/modules/cjs/loader:1379:12)
2026-07-18 11:04:41 +01:00:     at wrapModuleLoad (node:internal/modules/cjs/loader:255:19)
2026-07-18 11:04:41 +01:00:     at Module.require (node:internal/modules/cjs/loader:1600:12)
2026-07-18 11:04:41 +01:00:     at require (node:internal/modules/helpers:153:16)
2026-07-18 11:04:41 +01:00:     at Object.<anonymous> (/home/gospel/gospel/elite-hub/backend/src/queues/connection.js:2:13)
2026-07-18 11:04:41 +01:00:     at Module._compile (node:internal/modules/cjs/loader:1854:14)
2026-07-18 11:04:47 +01:00: Error: Missing required environment variable: MULTITEXTER_API_KEY
2026-07-18 11:04:47 +01:00:     at Object.<anonymous> (/home/gospel/gospel/elite-hub/backend/src/common/config/env.js:29:11)
2026-07-18 11:04:47 +01:00:     at Module._compile (node:internal/modules/cjs/loader:1854:14)
2026-07-18 11:04:47 +01:00:     at Object..js (node:internal/modules/cjs/loader:1985:10)
2026-07-18 11:04:47 +01:00:     at Module.load (node:internal/modules/cjs/loader:1577:32)
2026-07-18 11:04:47 +01:00:     at Module._load (node:internal/modules/cjs/loader:1379:12)
2026-07-18 11:04:47 +01:00:     at wrapModuleLoad (node:internal/modules/cjs/loader:255:19)
2026-07-18 11:04:47 +01:00:     at Module.require (node:internal/modules/cjs/loader:1600:12)
2026-07-18 11:04:47 +01:00:     at require (node:internal/modules/helpers:153:16)
2026-07-18 11:04:47 +01:00:     at Object.<anonymous> (/home/gospel/gospel/elite-hub/backend/src/queues/connection.js:2:13)
2026-07-18 11:04:47 +01:00:     at Module._compile (node:internal/modules/cjs/loader:1854:14)
2026-07-18 11:04:52 +01:00: Error: Missing required environment variable: MULTITEXTER_API_KEY
2026-07-18 11:04:52 +01:00:     at Object.<anonymous> (/home/gospel/gospel/elite-hub/backend/src/common/config/env.js:29:11)
2026-07-18 11:04:52 +01:00:     at Module._compile (node:internal/modules/cjs/loader:1854:14)
2026-07-18 11:04:52 +01:00:     at Object..js (node:internal/modules/cjs/loader:1985:10)
2026-07-18 11:04:52 +01:00:     at Module.load (node:internal/modules/cjs/loader:1577:32)
2026-07-18 11:04:52 +01:00:     at Module._load (node:internal/modules/cjs/loader:1379:12)
2026-07-18 11:04:52 +01:00:     at wrapModuleLoad (node:internal/modules/cjs/loader:255:19)
2026-07-18 11:04:52 +01:00:     at Module.require (node:internal/modules/cjs/loader:1600:12)
2026-07-18 11:04:52 +01:00:     at require (node:internal/modules/helpers:153:16)
2026-07-18 11:04:52 +01:00:     at Object.<anonymous> (/home/gospel/gospel/elite-hub/backend/src/queues/connection.js:2:13)
2026-07-18 11:04:52 +01:00:     at Module._compile (node:internal/modules/cjs/loader:1854:14)
2026-07-18 11:04:56 +01:00: Error: Missing required environment variable: MULTITEXTER_API_KEY
2026-07-18 11:04:56 +01:00:     at Object.<anonymous> (/home/gospel/gospel/elite-hub/backend/src/common/config/env.js:29:11)
2026-07-18 11:04:56 +01:00:     at Module._compile (node:internal/modules/cjs/loader:1854:14)
2026-07-18 11:04:56 +01:00:     at Object..js (node:internal/modules/cjs/loader:1985:10)
2026-07-18 11:04:56 +01:00:     at Module.load (node:internal/modules/cjs/loader:1577:32)
2026-07-18 11:04:56 +01:00:     at Module._load (node:internal/modules/cjs/loader:1379:12)
2026-07-18 11:04:56 +01:00:     at wrapModuleLoad (node:internal/modules/cjs/loader:255:19)
2026-07-18 11:04:56 +01:00:     at Module.require (node:internal/modules/cjs/loader:1600:12)
2026-07-18 11:04:56 +01:00:     at require (node:internal/modules/helpers:153:16)
2026-07-18 11:04:56 +01:00:     at Object.<anonymous> (/home/gospel/gospel/elite-hub/backend/src/queues/connection.js:2:13)
2026-07-18 11:04:56 +01:00:     at Module._compile (node:internal/modules/cjs/loader:1854:14)
2026-07-18 11:05:01 +01:00: Error: Missing required environment variable: MULTITEXTER_API_KEY
2026-07-18 11:05:01 +01:00:     at Object.<anonymous> (/home/gospel/gospel/elite-hub/backend/src/common/config/env.js:29:11)
2026-07-18 11:05:01 +01:00:     at Module._compile (node:internal/modules/cjs/loader:1854:14)
2026-07-18 11:05:01 +01:00:     at Object..js (node:internal/modules/cjs/loader:1985:10)
2026-07-18 11:05:01 +01:00:     at Module.load (node:internal/modules/cjs/loader:1577:32)
2026-07-18 11:05:01 +01:00:     at Module._load (node:internal/modules/cjs/loader:1379:12)
2026-07-18 11:05:01 +01:00:     at wrapModuleLoad (node:internal/modules/cjs/loader:255:19)
2026-07-18 11:05:01 +01:00:     at Module.require (node:internal/modules/cjs/loader:1600:12)
2026-07-18 11:05:01 +01:00:     at require (node:internal/modules/helpers:153:16)
2026-07-18 11:05:01 +01:00:     at Object.<anonymous> (/home/gospel/gospel/elite-hub/backend/src/queues/connection.js:2:13)
2026-07-18 11:05:01 +01:00:     at Module._compile (node:internal/modules/cjs/loader:1854:14)
2026-07-18 11:20:49 +01:00: Error: Missing required environment variable: MULTITEXTER_API_KEY
2026-07-18 11:20:49 +01:00:     at Object.<anonymous> (/home/gospel/gospel/elite-hub/backend/src/common/config/env.js:29:11)
2026-07-18 11:20:49 +01:00:     at Module._compile (node:internal/modules/cjs/loader:1854:14)
2026-07-18 11:20:49 +01:00:     at Object..js (node:internal/modules/cjs/loader:1985:10)
2026-07-18 11:20:49 +01:00:     at Module.load (node:internal/modules/cjs/loader:1577:32)
2026-07-18 11:20:49 +01:00:     at Module._load (node:internal/modules/cjs/loader:1379:12)
2026-07-18 11:20:49 +01:00:     at wrapModuleLoad (node:internal/modules/cjs/loader:255:19)
2026-07-18 11:20:49 +01:00:     at Module.require (node:internal/modules/cjs/loader:1600:12)
2026-07-18 11:20:49 +01:00:     at require (node:internal/modules/helpers:153:16)
2026-07-18 11:20:49 +01:00:     at Object.<anonymous> (/home/gospel/gospel/elite-hub/backend/src/queues/connection.js:2:13)
2026-07-18 11:20:49 +01:00:     at Module._compile (node:internal/modules/cjs/loader:1854:14)
2026-07-18 11:20:53 +01:00: Error: Missing required environment variable: MULTITEXTER_API_KEY
2026-07-18 11:20:53 +01:00:     at Object.<anonymous> (/home/gospel/gospel/elite-hub/backend/src/common/config/env.js:29:11)
2026-07-18 11:20:53 +01:00:     at Module._compile (node:internal/modules/cjs/loader:1854:14)
2026-07-18 11:20:53 +01:00:     at Object..js (node:internal/modules/cjs/loader:1985:10)
2026-07-18 11:20:53 +01:00:     at Module.load (node:internal/modules/cjs/loader:1577:32)
2026-07-18 11:20:53 +01:00:     at Module._load (node:internal/modules/cjs/loader:1379:12)
2026-07-18 11:20:53 +01:00:     at wrapModuleLoad (node:internal/modules/cjs/loader:255:19)
2026-07-18 11:20:53 +01:00:     at Module.require (node:internal/modules/cjs/loader:1600:12)
2026-07-18 11:20:53 +01:00:     at require (node:internal/modules/helpers:153:16)
2026-07-18 11:20:53 +01:00:     at Object.<anonymous> (/home/gospel/gospel/elite-hub/backend/src/queues/connection.js:2:13)
2026-07-18 11:20:53 +01:00:     at Module._compile (node:internal/modules/cjs/loader:1854:14)
2026-07-18 11:20:58 +01:00: Error: Missing required environment variable: MULTITEXTER_API_KEY
2026-07-18 11:20:58 +01:00:     at Object.<anonymous> (/home/gospel/gospel/elite-hub/backend/src/common/config/env.js:29:11)
2026-07-18 11:20:58 +01:00:     at Module._compile (node:internal/modules/cjs/loader:1854:14)
2026-07-18 11:20:58 +01:00:     at Object..js (node:internal/modules/cjs/loader:1985:10)
2026-07-18 11:20:58 +01:00:     at Module.load (node:internal/modules/cjs/loader:1577:32)
2026-07-18 11:20:58 +01:00:     at Module._load (node:internal/modules/cjs/loader:1379:12)
2026-07-18 11:20:58 +01:00:     at wrapModuleLoad (node:internal/modules/cjs/loader:255:19)
2026-07-18 11:20:58 +01:00:     at Module.require (node:internal/modules/cjs/loader:1600:12)
2026-07-18 11:20:58 +01:00:     at require (node:internal/modules/helpers:153:16)
2026-07-18 11:20:58 +01:00:     at Object.<anonymous> (/home/gospel/gospel/elite-hub/backend/src/queues/connection.js:2:13)
2026-07-18 11:20:58 +01:00:     at Module._compile (node:internal/modules/cjs/loader:1854:14)
2026-07-18 11:21:02 +01:00: Error: Missing required environment variable: MULTITEXTER_API_KEY
2026-07-18 11:21:02 +01:00:     at Object.<anonymous> (/home/gospel/gospel/elite-hub/backend/src/common/config/env.js:29:11)
2026-07-18 11:21:02 +01:00:     at Module._compile (node:internal/modules/cjs/loader:1854:14)
2026-07-18 11:21:02 +01:00:     at Object..js (node:internal/modules/cjs/loader:1985:10)
2026-07-18 11:21:02 +01:00:     at Module.load (node:internal/modules/cjs/loader:1577:32)
2026-07-18 11:21:02 +01:00:     at Module._load (node:internal/modules/cjs/loader:1379:12)
2026-07-18 11:21:02 +01:00:     at wrapModuleLoad (node:internal/modules/cjs/loader:255:19)
2026-07-18 11:21:02 +01:00:     at Module.require (node:internal/modules/cjs/loader:1600:12)
2026-07-18 11:21:02 +01:00:     at require (node:internal/modules/helpers:153:16)
2026-07-18 11:21:02 +01:00:     at Object.<anonymous> (/home/gospel/gospel/elite-hub/backend/src/queues/connection.js:2:13)
2026-07-18 11:21:02 +01:00:     at Module._compile (node:internal/modules/cjs/loader:1854:14)
2026-07-18 11:21:06 +01:00: Error: Missing required environment variable: MULTITEXTER_API_KEY
2026-07-18 11:21:06 +01:00:     at Object.<anonymous> (/home/gospel/gospel/elite-hub/backend/src/common/config/env.js:29:11)
2026-07-18 11:21:06 +01:00:     at Module._compile (node:internal/modules/cjs/loader:1854:14)
2026-07-18 11:21:06 +01:00:     at Object..js (node:internal/modules/cjs/loader:1985:10)
2026-07-18 11:21:06 +01:00:     at Module.load (node:internal/modules/cjs/loader:1577:32)
2026-07-18 11:21:06 +01:00:     at Module._load (node:internal/modules/cjs/loader:1379:12)
2026-07-18 11:21:06 +01:00:     at wrapModuleLoad (node:internal/modules/cjs/loader:255:19)
2026-07-18 11:21:06 +01:00:     at Module.require (node:internal/modules/cjs/loader:1600:12)
2026-07-18 11:21:06 +01:00:     at require (node:internal/modules/helpers:153:16)
2026-07-18 11:21:06 +01:00:     at Object.<anonymous> (/home/gospel/gospel/elite-hub/backend/src/queues/connection.js:2:13)
2026-07-18 11:21:06 +01:00:     at Module._compile (node:internal/modules/cjs/loader:1854:14)
2026-07-18 11:21:11 +01:00: Error: Missing required environment variable: MULTITEXTER_API_KEY
2026-07-18 11:21:11 +01:00:     at Object.<anonymous> (/home/gospel/gospel/elite-hub/backend/src/common/config/env.js:29:11)
2026-07-18 11:21:11 +01:00:     at Module._compile (node:internal/modules/cjs/loader:1854:14)
2026-07-18 11:21:11 +01:00:     at Object..js (node:internal/modules/cjs/loader:1985:10)
2026-07-18 11:21:11 +01:00:     at Module.load (node:internal/modules/cjs/loader:1577:32)
2026-07-18 11:21:11 +01:00:     at Module._load (node:internal/modules/cjs/loader:1379:12)
2026-07-18 11:21:11 +01:00:     at wrapModuleLoad (node:internal/modules/cjs/loader:255:19)
2026-07-18 11:21:11 +01:00:     at Module.require (node:internal/modules/cjs/loader:1600:12)
2026-07-18 11:21:11 +01:00:     at require (node:internal/modules/helpers:153:16)
2026-07-18 11:21:11 +01:00:     at Object.<anonymous> (/home/gospel/gospel/elite-hub/backend/src/queues/connection.js:2:13)
2026-07-18 11:21:11 +01:00:     at Module._compile (node:internal/modules/cjs/loader:1854:14)
2026-07-18 11:21:15 +01:00: Error: Missing required environment variable: MULTITEXTER_API_KEY
2026-07-18 11:21:15 +01:00:     at Object.<anonymous> (/home/gospel/gospel/elite-hub/backend/src/common/config/env.js:29:11)
2026-07-18 11:21:15 +01:00:     at Module._compile (node:internal/modules/cjs/loader:1854:14)
2026-07-18 11:21:15 +01:00:     at Object..js (node:internal/modules/cjs/loader:1985:10)
2026-07-18 11:21:15 +01:00:     at Module.load (node:internal/modules/cjs/loader:1577:32)
2026-07-18 11:21:15 +01:00:     at Module._load (node:internal/modules/cjs/loader:1379:12)
2026-07-18 11:21:15 +01:00:     at wrapModuleLoad (node:internal/modules/cjs/loader:255:19)
2026-07-18 11:21:15 +01:00:     at Module.require (node:internal/modules/cjs/loader:1600:12)
2026-07-18 11:21:15 +01:00:     at require (node:internal/modules/helpers:153:16)
2026-07-18 11:21:15 +01:00:     at Object.<anonymous> (/home/gospel/gospel/elite-hub/backend/src/queues/connection.js:2:13)
2026-07-18 11:21:15 +01:00:     at Module._compile (node:internal/modules/cjs/loader:1854:14)
2026-07-18 11:21:20 +01:00: Error: Missing required environment variable: MULTITEXTER_API_KEY
2026-07-18 11:21:20 +01:00:     at Object.<anonymous> (/home/gospel/gospel/elite-hub/backend/src/common/config/env.js:29:11)
2026-07-18 11:21:20 +01:00:     at Module._compile (node:internal/modules/cjs/loader:1854:14)
2026-07-18 11:21:20 +01:00:     at Object..js (node:internal/modules/cjs/loader:1985:10)
2026-07-18 11:21:20 +01:00:     at Module.load (node:internal/modules/cjs/loader:1577:32)
2026-07-18 11:21:20 +01:00:     at Module._load (node:internal/modules/cjs/loader:1379:12)
2026-07-18 11:21:20 +01:00:     at wrapModuleLoad (node:internal/modules/cjs/loader:255:19)
2026-07-18 11:21:20 +01:00:     at Module.require (node:internal/modules/cjs/loader:1600:12)
2026-07-18 11:21:20 +01:00:     at require (node:internal/modules/helpers:153:16)
2026-07-18 11:21:20 +01:00:     at Object.<anonymous> (/home/gospel/gospel/elite-hub/backend/src/queues/connection.js:2:13)
2026-07-18 11:21:20 +01:00:     at Module._compile (node:internal/modules/cjs/loader:1854:14)
2026-07-18 11:21:24 +01:00: Error: Missing required environment variable: MULTITEXTER_API_KEY
2026-07-18 11:21:24 +01:00:     at Object.<anonymous> (/home/gospel/gospel/elite-hub/backend/src/common/config/env.js:29:11)
2026-07-18 11:21:24 +01:00:     at Module._compile (node:internal/modules/cjs/loader:1854:14)
2026-07-18 11:21:24 +01:00:     at Object..js (node:internal/modules/cjs/loader:1985:10)
2026-07-18 11:21:24 +01:00:     at Module.load (node:internal/modules/cjs/loader:1577:32)
2026-07-18 11:21:24 +01:00:     at Module._load (node:internal/modules/cjs/loader:1379:12)
2026-07-18 11:21:24 +01:00:     at wrapModuleLoad (node:internal/modules/cjs/loader:255:19)
2026-07-18 11:21:24 +01:00:     at Module.require (node:internal/modules/cjs/loader:1600:12)
2026-07-18 11:21:24 +01:00:     at require (node:internal/modules/helpers:153:16)
2026-07-18 11:21:24 +01:00:     at Object.<anonymous> (/home/gospel/gospel/elite-hub/backend/src/queues/connection.js:2:13)
2026-07-18 11:21:24 +01:00:     at Module._compile (node:internal/modules/cjs/loader:1854:14)
2026-07-18 11:21:29 +01:00: Error: Missing required environment variable: MULTITEXTER_API_KEY
2026-07-18 11:21:29 +01:00:     at Object.<anonymous> (/home/gospel/gospel/elite-hub/backend/src/common/config/env.js:29:11)
2026-07-18 11:21:29 +01:00:     at Module._compile (node:internal/modules/cjs/loader:1854:14)
2026-07-18 11:21:29 +01:00:     at Object..js (node:internal/modules/cjs/loader:1985:10)
2026-07-18 11:21:29 +01:00:     at Module.load (node:internal/modules/cjs/loader:1577:32)
2026-07-18 11:21:29 +01:00:     at Module._load (node:internal/modules/cjs/loader:1379:12)
2026-07-18 11:21:29 +01:00:     at wrapModuleLoad (node:internal/modules/cjs/loader:255:19)
2026-07-18 11:21:29 +01:00:     at Module.require (node:internal/modules/cjs/loader:1600:12)
2026-07-18 11:21:29 +01:00:     at require (node:internal/modules/helpers:153:16)
2026-07-18 11:21:29 +01:00:     at Object.<anonymous> (/home/gospel/gospel/elite-hub/backend/src/queues/connection.js:2:13)
2026-07-18 11:21:29 +01:00:     at Module._compile (node:internal/modules/cjs/loader:1854:14)
2026-07-18 11:40:30 +01:00: Error: Missing required environment variable: MULTITEXTER_API_KEY
2026-07-18 11:40:30 +01:00:     at Object.<anonymous> (/home/gospel/gospel/elite-hub/backend/src/common/config/env.js:29:11)
2026-07-18 11:40:30 +01:00:     at Module._compile (node:internal/modules/cjs/loader:1854:14)
2026-07-18 11:40:30 +01:00:     at Object..js (node:internal/modules/cjs/loader:1985:10)
2026-07-18 11:40:30 +01:00:     at Module.load (node:internal/modules/cjs/loader:1577:32)
2026-07-18 11:40:30 +01:00:     at Module._load (node:internal/modules/cjs/loader:1379:12)
2026-07-18 11:40:30 +01:00:     at wrapModuleLoad (node:internal/modules/cjs/loader:255:19)
2026-07-18 11:40:30 +01:00:     at Module.require (node:internal/modules/cjs/loader:1600:12)
2026-07-18 11:40:30 +01:00:     at require (node:internal/modules/helpers:153:16)
2026-07-18 11:40:30 +01:00:     at Object.<anonymous> (/home/gospel/gospel/elite-hub/backend/src/queues/connection.js:2:13)
2026-07-18 11:40:30 +01:00:     at Module._compile (node:internal/modules/cjs/loader:1854:14)
2026-07-18 11:40:35 +01:00: Error: Missing required environment variable: MULTITEXTER_API_KEY
2026-07-18 11:40:35 +01:00:     at Object.<anonymous> (/home/gospel/gospel/elite-hub/backend/src/common/config/env.js:29:11)
2026-07-18 11:40:35 +01:00:     at Module._compile (node:internal/modules/cjs/loader:1854:14)
2026-07-18 11:40:35 +01:00:     at Object..js (node:internal/modules/cjs/loader:1985:10)
2026-07-18 11:40:35 +01:00:     at Module.load (node:internal/modules/cjs/loader:1577:32)
2026-07-18 11:40:35 +01:00:     at Module._load (node:internal/modules/cjs/loader:1379:12)
2026-07-18 11:40:35 +01:00:     at wrapModuleLoad (node:internal/modules/cjs/loader:255:19)
2026-07-18 11:40:35 +01:00:     at Module.require (node:internal/modules/cjs/loader:1600:12)
2026-07-18 11:40:35 +01:00:     at require (node:internal/modules/helpers:153:16)
2026-07-18 11:40:35 +01:00:     at Object.<anonymous> (/home/gospel/gospel/elite-hub/backend/src/queues/connection.js:2:13)
2026-07-18 11:40:35 +01:00:     at Module._compile (node:internal/modules/cjs/loader:1854:14)
2026-07-18 11:40:39 +01:00: Error: Missing required environment variable: MULTITEXTER_API_KEY
2026-07-18 11:40:39 +01:00:     at Object.<anonymous> (/home/gospel/gospel/elite-hub/backend/src/common/config/env.js:29:11)
2026-07-18 11:40:39 +01:00:     at Module._compile (node:internal/modules/cjs/loader:1854:14)
2026-07-18 11:40:39 +01:00:     at Object..js (node:internal/modules/cjs/loader:1985:10)
2026-07-18 11:40:39 +01:00:     at Module.load (node:internal/modules/cjs/loader:1577:32)
2026-07-18 11:40:39 +01:00:     at Module._load (node:internal/modules/cjs/loader:1379:12)
2026-07-18 11:40:39 +01:00:     at wrapModuleLoad (node:internal/modules/cjs/loader:255:19)
2026-07-18 11:40:39 +01:00:     at Module.require (node:internal/modules/cjs/loader:1600:12)
2026-07-18 11:40:39 +01:00:     at require (node:internal/modules/helpers:153:16)
2026-07-18 11:40:39 +01:00:     at Object.<anonymous> (/home/gospel/gospel/elite-hub/backend/src/queues/connection.js:2:13)
2026-07-18 11:40:39 +01:00:     at Module._compile (node:internal/modules/cjs/loader:1854:14)
2026-07-18 11:40:44 +01:00: Error: Missing required environment variable: MULTITEXTER_API_KEY
2026-07-18 11:40:44 +01:00:     at Object.<anonymous> (/home/gospel/gospel/elite-hub/backend/src/common/config/env.js:29:11)
2026-07-18 11:40:44 +01:00:     at Module._compile (node:internal/modules/cjs/loader:1854:14)
2026-07-18 11:40:44 +01:00:     at Object..js (node:internal/modules/cjs/loader:1985:10)
2026-07-18 11:40:44 +01:00:     at Module.load (node:internal/modules/cjs/loader:1577:32)
2026-07-18 11:40:44 +01:00:     at Module._load (node:internal/modules/cjs/loader:1379:12)
2026-07-18 11:40:44 +01:00:     at wrapModuleLoad (node:internal/modules/cjs/loader:255:19)
2026-07-18 11:40:44 +01:00:     at Module.require (node:internal/modules/cjs/loader:1600:12)
2026-07-18 11:40:44 +01:00:     at require (node:internal/modules/helpers:153:16)
2026-07-18 11:40:44 +01:00:     at Object.<anonymous> (/home/gospel/gospel/elite-hub/backend/src/queues/connection.js:2:13)
2026-07-18 11:40:44 +01:00:     at Module._compile (node:internal/modules/cjs/loader:1854:14)
2026-07-18 11:40:48 +01:00: Error: Missing required environment variable: MULTITEXTER_API_KEY
2026-07-18 11:40:48 +01:00:     at Object.<anonymous> (/home/gospel/gospel/elite-hub/backend/src/common/config/env.js:29:11)
2026-07-18 11:40:48 +01:00:     at Module._compile (node:internal/modules/cjs/loader:1854:14)
2026-07-18 11:40:48 +01:00:     at Object..js (node:internal/modules/cjs/loader:1985:10)
2026-07-18 11:40:48 +01:00:     at Module.load (node:internal/modules/cjs/loader:1577:32)
2026-07-18 11:40:48 +01:00:     at Module._load (node:internal/modules/cjs/loader:1379:12)
2026-07-18 11:40:48 +01:00:     at wrapModuleLoad (node:internal/modules/cjs/loader:255:19)
2026-07-18 11:40:48 +01:00:     at Module.require (node:internal/modules/cjs/loader:1600:12)
2026-07-18 11:40:48 +01:00:     at require (node:internal/modules/helpers:153:16)
2026-07-18 11:40:48 +01:00:     at Object.<anonymous> (/home/gospel/gospel/elite-hub/backend/src/queues/connection.js:2:13)
2026-07-18 11:40:48 +01:00:     at Module._compile (node:internal/modules/cjs/loader:1854:14)
2026-07-18 11:40:53 +01:00: Error: Missing required environment variable: MULTITEXTER_API_KEY
2026-07-18 11:40:53 +01:00:     at Object.<anonymous> (/home/gospel/gospel/elite-hub/backend/src/common/config/env.js:29:11)
2026-07-18 11:40:53 +01:00:     at Module._compile (node:internal/modules/cjs/loader:1854:14)
2026-07-18 11:40:53 +01:00:     at Object..js (node:internal/modules/cjs/loader:1985:10)
2026-07-18 11:40:53 +01:00:     at Module.load (node:internal/modules/cjs/loader:1577:32)
2026-07-18 11:40:53 +01:00:     at Module._load (node:internal/modules/cjs/loader:1379:12)
2026-07-18 11:40:53 +01:00:     at wrapModuleLoad (node:internal/modules/cjs/loader:255:19)
2026-07-18 11:40:53 +01:00:     at Module.require (node:internal/modules/cjs/loader:1600:12)
2026-07-18 11:40:53 +01:00:     at require (node:internal/modules/helpers:153:16)
2026-07-18 11:40:53 +01:00:     at Object.<anonymous> (/home/gospel/gospel/elite-hub/backend/src/queues/connection.js:2:13)
2026-07-18 11:40:53 +01:00:     at Module._compile (node:internal/modules/cjs/loader:1854:14)
2026-07-18 11:40:57 +01:00: Error: Missing required environment variable: MULTITEXTER_API_KEY
2026-07-18 11:40:57 +01:00:     at Object.<anonymous> (/home/gospel/gospel/elite-hub/backend/src/common/config/env.js:29:11)
2026-07-18 11:40:57 +01:00:     at Module._compile (node:internal/modules/cjs/loader:1854:14)
2026-07-18 11:40:57 +01:00:     at Object..js (node:internal/modules/cjs/loader:1985:10)
2026-07-18 11:40:57 +01:00:     at Module.load (node:internal/modules/cjs/loader:1577:32)
2026-07-18 11:40:57 +01:00:     at Module._load (node:internal/modules/cjs/loader:1379:12)
2026-07-18 11:40:57 +01:00:     at wrapModuleLoad (node:internal/modules/cjs/loader:255:19)
2026-07-18 11:40:57 +01:00:     at Module.require (node:internal/modules/cjs/loader:1600:12)
2026-07-18 11:40:57 +01:00:     at require (node:internal/modules/helpers:153:16)
2026-07-18 11:40:57 +01:00:     at Object.<anonymous> (/home/gospel/gospel/elite-hub/backend/src/queues/connection.js:2:13)
2026-07-18 11:40:57 +01:00:     at Module._compile (node:internal/modules/cjs/loader:1854:14)
2026-07-18 11:41:02 +01:00: Error: Missing required environment variable: MULTITEXTER_API_KEY
2026-07-18 11:41:02 +01:00:     at Object.<anonymous> (/home/gospel/gospel/elite-hub/backend/src/common/config/env.js:29:11)
2026-07-18 11:41:02 +01:00:     at Module._compile (node:internal/modules/cjs/loader:1854:14)
2026-07-18 11:41:02 +01:00:     at Object..js (node:internal/modules/cjs/loader:1985:10)
2026-07-18 11:41:02 +01:00:     at Module.load (node:internal/modules/cjs/loader:1577:32)
2026-07-18 11:41:02 +01:00:     at Module._load (node:internal/modules/cjs/loader:1379:12)
2026-07-18 11:41:02 +01:00:     at wrapModuleLoad (node:internal/modules/cjs/loader:255:19)
2026-07-18 11:41:02 +01:00:     at Module.require (node:internal/modules/cjs/loader:1600:12)
2026-07-18 11:41:02 +01:00:     at require (node:internal/modules/helpers:153:16)
2026-07-18 11:41:02 +01:00:     at Object.<anonymous> (/home/gospel/gospel/elite-hub/backend/src/queues/connection.js:2:13)
2026-07-18 11:41:02 +01:00:     at Module._compile (node:internal/modules/cjs/loader:1854:14)
2026-07-18 11:41:06 +01:00: Error: Missing required environment variable: MULTITEXTER_API_KEY
2026-07-18 11:41:06 +01:00:     at Object.<anonymous> (/home/gospel/gospel/elite-hub/backend/src/common/config/env.js:29:11)
2026-07-18 11:41:06 +01:00:     at Module._compile (node:internal/modules/cjs/loader:1854:14)
2026-07-18 11:41:06 +01:00:     at Object..js (node:internal/modules/cjs/loader:1985:10)
2026-07-18 11:41:06 +01:00:     at Module.load (node:internal/modules/cjs/loader:1577:32)
2026-07-18 11:41:06 +01:00:     at Module._load (node:internal/modules/cjs/loader:1379:12)
2026-07-18 11:41:06 +01:00:     at wrapModuleLoad (node:internal/modules/cjs/loader:255:19)
2026-07-18 11:41:06 +01:00:     at Module.require (node:internal/modules/cjs/loader:1600:12)
2026-07-18 11:41:06 +01:00:     at require (node:internal/modules/helpers:153:16)
2026-07-18 11:41:06 +01:00:     at Object.<anonymous> (/home/gospel/gospel/elite-hub/backend/src/queues/connection.js:2:13)
2026-07-18 11:41:06 +01:00:     at Module._compile (node:internal/modules/cjs/loader:1854:14)
2026-07-18 11:41:11 +01:00: Error: Missing required environment variable: MULTITEXTER_API_KEY
2026-07-18 11:41:11 +01:00:     at Object.<anonymous> (/home/gospel/gospel/elite-hub/backend/src/common/config/env.js:29:11)
2026-07-18 11:41:11 +01:00:     at Module._compile (node:internal/modules/cjs/loader:1854:14)
2026-07-18 11:41:11 +01:00:     at Object..js (node:internal/modules/cjs/loader:1985:10)
2026-07-18 11:41:11 +01:00:     at Module.load (node:internal/modules/cjs/loader:1577:32)
2026-07-18 11:41:11 +01:00:     at Module._load (node:internal/modules/cjs/loader:1379:12)
2026-07-18 11:41:11 +01:00:     at wrapModuleLoad (node:internal/modules/cjs/loader:255:19)
2026-07-18 11:41:11 +01:00:     at Module.require (node:internal/modules/cjs/loader:1600:12)
2026-07-18 11:41:11 +01:00:     at require (node:internal/modules/helpers:153:16)
2026-07-18 11:41:11 +01:00:     at Object.<anonymous> (/home/gospel/gospel/elite-hub/backend/src/queues/connection.js:2:13)
2026-07-18 11:41:11 +01:00:     at Module._compile (node:internal/modules/cjs/loader:1854:14)
2026-07-18 15:02:08 +01:00: Error: Missing required environment variable: MULTITEXTER_API_KEY
2026-07-18 15:02:08 +01:00:     at Object.<anonymous> (/home/gospel/gospel/elite-hub/backend/src/common/config/env.js:29:11)
2026-07-18 15:02:08 +01:00:     at Module._compile (node:internal/modules/cjs/loader:1854:14)
2026-07-18 15:02:08 +01:00:     at Object..js (node:internal/modules/cjs/loader:1985:10)
2026-07-18 15:02:08 +01:00:     at Module.load (node:internal/modules/cjs/loader:1577:32)
2026-07-18 15:02:08 +01:00:     at Module._load (node:internal/modules/cjs/loader:1379:12)
2026-07-18 15:02:08 +01:00:     at wrapModuleLoad (node:internal/modules/cjs/loader:255:19)
2026-07-18 15:02:08 +01:00:     at Module.require (node:internal/modules/cjs/loader:1600:12)
2026-07-18 15:02:08 +01:00:     at require (node:internal/modules/helpers:153:16)
2026-07-18 15:02:08 +01:00:     at Object.<anonymous> (/home/gospel/gospel/elite-hub/backend/src/queues/connection.js:2:13)
2026-07-18 15:02:08 +01:00:     at Module._compile (node:internal/modules/cjs/loader:1854:14)
2026-07-18 15:02:13 +01:00: Error: Missing required environment variable: MULTITEXTER_API_KEY
2026-07-18 15:02:13 +01:00:     at Object.<anonymous> (/home/gospel/gospel/elite-hub/backend/src/common/config/env.js:29:11)
2026-07-18 15:02:13 +01:00:     at Module._compile (node:internal/modules/cjs/loader:1854:14)
2026-07-18 15:02:13 +01:00:     at Object..js (node:internal/modules/cjs/loader:1985:10)
2026-07-18 15:02:13 +01:00:     at Module.load (node:internal/modules/cjs/loader:1577:32)
2026-07-18 15:02:13 +01:00:     at Module._load (node:internal/modules/cjs/loader:1379:12)
2026-07-18 15:02:13 +01:00:     at wrapModuleLoad (node:internal/modules/cjs/loader:255:19)
2026-07-18 15:02:13 +01:00:     at Module.require (node:internal/modules/cjs/loader:1600:12)
2026-07-18 15:02:13 +01:00:     at require (node:internal/modules/helpers:153:16)
2026-07-18 15:02:13 +01:00:     at Object.<anonymous> (/home/gospel/gospel/elite-hub/backend/src/queues/connection.js:2:13)
2026-07-18 15:02:13 +01:00:     at Module._compile (node:internal/modules/cjs/loader:1854:14)
2026-07-18 15:02:17 +01:00: Error: Missing required environment variable: MULTITEXTER_API_KEY
2026-07-18 15:02:17 +01:00:     at Object.<anonymous> (/home/gospel/gospel/elite-hub/backend/src/common/config/env.js:29:11)
2026-07-18 15:02:17 +01:00:     at Module._compile (node:internal/modules/cjs/loader:1854:14)
2026-07-18 15:02:17 +01:00:     at Object..js (node:internal/modules/cjs/loader:1985:10)
2026-07-18 15:02:17 +01:00:     at Module.load (node:internal/modules/cjs/loader:1577:32)
2026-07-18 15:02:17 +01:00:     at Module._load (node:internal/modules/cjs/loader:1379:12)
2026-07-18 15:02:17 +01:00:     at wrapModuleLoad (node:internal/modules/cjs/loader:255:19)
2026-07-18 15:02:17 +01:00:     at Module.require (node:internal/modules/cjs/loader:1600:12)
2026-07-18 15:02:17 +01:00:     at require (node:internal/modules/helpers:153:16)
2026-07-18 15:02:17 +01:00:     at Object.<anonymous> (/home/gospel/gospel/elite-hub/backend/src/queues/connection.js:2:13)
2026-07-18 15:02:17 +01:00:     at Module._compile (node:internal/modules/cjs/loader:1854:14)
2026-07-18 15:02:22 +01:00: Error: Missing required environment variable: MULTITEXTER_API_KEY
2026-07-18 15:02:22 +01:00:     at Object.<anonymous> (/home/gospel/gospel/elite-hub/backend/src/common/config/env.js:29:11)
2026-07-18 15:02:22 +01:00:     at Module._compile (node:internal/modules/cjs/loader:1854:14)
2026-07-18 15:02:22 +01:00:     at Object..js (node:internal/modules/cjs/loader:1985:10)
2026-07-18 15:02:22 +01:00:     at Module.load (node:internal/modules/cjs/loader:1577:32)
2026-07-18 15:02:22 +01:00:     at Module._load (node:internal/modules/cjs/loader:1379:12)
2026-07-18 15:02:22 +01:00:     at wrapModuleLoad (node:internal/modules/cjs/loader:255:19)
2026-07-18 15:02:22 +01:00:     at Module.require (node:internal/modules/cjs/loader:1600:12)
2026-07-18 15:02:22 +01:00:     at require (node:internal/modules/helpers:153:16)
2026-07-18 15:02:22 +01:00:     at Object.<anonymous> (/home/gospel/gospel/elite-hub/backend/src/queues/connection.js:2:13)
2026-07-18 15:02:22 +01:00:     at Module._compile (node:internal/modules/cjs/loader:1854:14)
2026-07-18 15:02:26 +01:00: Error: Missing required environment variable: MULTITEXTER_API_KEY
2026-07-18 15:02:26 +01:00:     at Object.<anonymous> (/home/gospel/gospel/elite-hub/backend/src/common/config/env.js:29:11)
2026-07-18 15:02:26 +01:00:     at Module._compile (node:internal/modules/cjs/loader:1854:14)
2026-07-18 15:02:26 +01:00:     at Object..js (node:internal/modules/cjs/loader:1985:10)
2026-07-18 15:02:26 +01:00:     at Module.load (node:internal/modules/cjs/loader:1577:32)
2026-07-18 15:02:26 +01:00:     at Module._load (node:internal/modules/cjs/loader:1379:12)
2026-07-18 15:02:26 +01:00:     at wrapModuleLoad (node:internal/modules/cjs/loader:255:19)
2026-07-18 15:02:26 +01:00:     at Module.require (node:internal/modules/cjs/loader:1600:12)
2026-07-18 15:02:26 +01:00:     at require (node:internal/modules/helpers:153:16)
2026-07-18 15:02:26 +01:00:     at Object.<anonymous> (/home/gospel/gospel/elite-hub/backend/src/queues/connection.js:2:13)
2026-07-18 15:02:26 +01:00:     at Module._compile (node:internal/modules/cjs/loader:1854:14)
2026-07-18 15:02:30 +01:00: Error: Missing required environment variable: MULTITEXTER_API_KEY
2026-07-18 15:02:30 +01:00:     at Object.<anonymous> (/home/gospel/gospel/elite-hub/backend/src/common/config/env.js:29:11)
2026-07-18 15:02:30 +01:00:     at Module._compile (node:internal/modules/cjs/loader:1854:14)
2026-07-18 15:02:30 +01:00:     at Object..js (node:internal/modules/cjs/loader:1985:10)
2026-07-18 15:02:30 +01:00:     at Module.load (node:internal/modules/cjs/loader:1577:32)
2026-07-18 15:02:30 +01:00:     at Module._load (node:internal/modules/cjs/loader:1379:12)
2026-07-18 15:02:30 +01:00:     at wrapModuleLoad (node:internal/modules/cjs/loader:255:19)
2026-07-18 15:02:30 +01:00:     at Module.require (node:internal/modules/cjs/loader:1600:12)
2026-07-18 15:02:30 +01:00:     at require (node:internal/modules/helpers:153:16)
2026-07-18 15:02:30 +01:00:     at Object.<anonymous> (/home/gospel/gospel/elite-hub/backend/src/queues/connection.js:2:13)
2026-07-18 15:02:30 +01:00:     at Module._compile (node:internal/modules/cjs/loader:1854:14)
2026-07-18 15:02:35 +01:00: Error: Missing required environment variable: MULTITEXTER_API_KEY
2026-07-18 15:02:35 +01:00:     at Object.<anonymous> (/home/gospel/gospel/elite-hub/backend/src/common/config/env.js:29:11)
2026-07-18 15:02:35 +01:00:     at Module._compile (node:internal/modules/cjs/loader:1854:14)
2026-07-18 15:02:35 +01:00:     at Object..js (node:internal/modules/cjs/loader:1985:10)
2026-07-18 15:02:35 +01:00:     at Module.load (node:internal/modules/cjs/loader:1577:32)
2026-07-18 15:02:35 +01:00:     at Module._load (node:internal/modules/cjs/loader:1379:12)
2026-07-18 15:02:35 +01:00:     at wrapModuleLoad (node:internal/modules/cjs/loader:255:19)
2026-07-18 15:02:35 +01:00:     at Module.require (node:internal/modules/cjs/loader:1600:12)
2026-07-18 15:02:35 +01:00:     at require (node:internal/modules/helpers:153:16)
2026-07-18 15:02:35 +01:00:     at Object.<anonymous> (/home/gospel/gospel/elite-hub/backend/src/queues/connection.js:2:13)
2026-07-18 15:02:35 +01:00:     at Module._compile (node:internal/modules/cjs/loader:1854:14)
2026-07-18 15:02:39 +01:00: Error: Missing required environment variable: MULTITEXTER_API_KEY
2026-07-18 15:02:39 +01:00:     at Object.<anonymous> (/home/gospel/gospel/elite-hub/backend/src/common/config/env.js:29:11)
2026-07-18 15:02:39 +01:00:     at Module._compile (node:internal/modules/cjs/loader:1854:14)
2026-07-18 15:02:39 +01:00:     at Object..js (node:internal/modules/cjs/loader:1985:10)
2026-07-18 15:02:39 +01:00:     at Module.load (node:internal/modules/cjs/loader:1577:32)
2026-07-18 15:02:39 +01:00:     at Module._load (node:internal/modules/cjs/loader:1379:12)
2026-07-18 15:02:39 +01:00:     at wrapModuleLoad (node:internal/modules/cjs/loader:255:19)
2026-07-18 15:02:39 +01:00:     at Module.require (node:internal/modules/cjs/loader:1600:12)
2026-07-18 15:02:39 +01:00:     at require (node:internal/modules/helpers:153:16)
2026-07-18 15:02:39 +01:00:     at Object.<anonymous> (/home/gospel/gospel/elite-hub/backend/src/queues/connection.js:2:13)
2026-07-18 15:02:39 +01:00:     at Module._compile (node:internal/modules/cjs/loader:1854:14)
2026-07-18 15:02:44 +01:00: Error: Missing required environment variable: MULTITEXTER_API_KEY
2026-07-18 15:02:44 +01:00:     at Object.<anonymous> (/home/gospel/gospel/elite-hub/backend/src/common/config/env.js:29:11)
2026-07-18 15:02:44 +01:00:     at Module._compile (node:internal/modules/cjs/loader:1854:14)
2026-07-18 15:02:44 +01:00:     at Object..js (node:internal/modules/cjs/loader:1985:10)
2026-07-18 15:02:44 +01:00:     at Module.load (node:internal/modules/cjs/loader:1577:32)
2026-07-18 15:02:44 +01:00:     at Module._load (node:internal/modules/cjs/loader:1379:12)
2026-07-18 15:02:44 +01:00:     at wrapModuleLoad (node:internal/modules/cjs/loader:255:19)
2026-07-18 15:02:44 +01:00:     at Module.require (node:internal/modules/cjs/loader:1600:12)
2026-07-18 15:02:44 +01:00:     at require (node:internal/modules/helpers:153:16)
2026-07-18 15:02:44 +01:00:     at Object.<anonymous> (/home/gospel/gospel/elite-hub/backend/src/queues/connection.js:2:13)
2026-07-18 15:02:44 +01:00:     at Module._compile (node:internal/modules/cjs/loader:1854:14)
2026-07-18 15:02:48 +01:00: Error: Missing required environment variable: MULTITEXTER_API_KEY
2026-07-18 15:02:48 +01:00:     at Object.<anonymous> (/home/gospel/gospel/elite-hub/backend/src/common/config/env.js:29:11)
2026-07-18 15:02:48 +01:00:     at Module._compile (node:internal/modules/cjs/loader:1854:14)
2026-07-18 15:02:48 +01:00:     at Object..js (node:internal/modules/cjs/loader:1985:10)
2026-07-18 15:02:48 +01:00:     at Module.load (node:internal/modules/cjs/loader:1577:32)
2026-07-18 15:02:48 +01:00:     at Module._load (node:internal/modules/cjs/loader:1379:12)
2026-07-18 15:02:48 +01:00:     at wrapModuleLoad (node:internal/modules/cjs/loader:255:19)
2026-07-18 15:02:48 +01:00:     at Module.require (node:internal/modules/cjs/loader:1600:12)
2026-07-18 15:02:48 +01:00:     at require (node:internal/modules/helpers:153:16)
2026-07-18 15:02:48 +01:00:     at Object.<anonymous> (/home/gospel/gospel/elite-hub/backend/src/queues/connection.js:2:13)
2026-07-18 15:02:48 +01:00:     at Module._compile (node:internal/modules/cjs/loader:1854:14)
